I'm sorry, but errors were detected in your script. Please correct the
errors listed below, and try again.


The label homeBeach is defined twice, at File "game/beach.rpy", line 24:
label homeBeach:
and File "game/homeBeach.rpyc", line 22:



Ren'Py Version: Ren'Py 8.3.0.24082114
Sat Jul 11 00:40:53 2026
